---
source: examples/axum-example/tests/test_json_schema_capture.rs
expression: openapi_spec
---
openapi: 3.1.0
info:
  title: Bird Observation API
  description: "A comprehensive API for managing bird observations with support for multiple content types, file uploads, and bulk operations. This API demonstrates RESTful design patterns and provides comprehensive CRUD operations for bird observation data."
  contact:
    name: Bird Observation Team
    url: "https://birdwatch.example.com/support"
    email: api-support@birdwatch.example.com
  version: 1.0.0
servers:
  - url: "https://api.birdwatch.example.com/api"
    description: Production server
paths:
  /api/observations:
    post:
      tags:
        - observations
      description: Create observation
      operationId: post-observations
      parameters: []
      requestBody:
        content:
          application/json:
            schema:
              $ref: "#/components/schemas/PartialObservation"
            example:
              color: blue
              name: Test Bird for Schema Capture
              notes: Testing automatic schema capture
              position:
                lat: -25.1
                lng: 12.4
      responses:
        "201":
          description: Status code 201
          content:
            application/json:
              schema:
                type: integer
                format: int32
                minimum: 0
components:
  schemas:
    LngLat:
      type: object
      required:
        - lng
        - lat
      properties:
        lat:
          type: number
          format: double
        lng:
          type: number
          format: double
    PartialObservation:
      type: object
      required:
        - name
        - position
      properties:
        color:
          type:
            - string
            - "null"
        name:
          type: string
        notes:
          type:
            - string
            - "null"
        position:
          $ref: "#/components/schemas/LngLat"
tags:
  - name: observations
